// Vitest Snapshot v1, https://vitest.dev/guide/snapshot.html

exports[`methodPanel > reads the same as the approved wording 1`] = `
{
  "calibration": null,
  "intro": "Your score is how often AI recommended you when we asked the questions your customers ask, over the last 30 days.",
  "models": [
    {
      "id": "openai",
      "label": "ChatGPT",
      "value": "75, plus or minus 11 points",
    },
    {
      "id": "anthropic",
      "label": "Claude",
      "value": "No checks yet",
    },
    {
      "id": "perplexity",
      "label": "Perplexity",
      "value": "48, plus or minus 1 point",
    },
  ],
  "modelsNote": "Your overall score is the average of these, each counted equally.",
  "numbers": [
    {
      "label": "Time covered",
      "value": "Last 30 days",
    },
    {
      "label": "Answers checked",
      "value": "108",
    },
    {
      "hint": "An answer we reused for more than one business counts once here.",
      "label": "Different answers",
      "value": "84",
    },
    {
      "label": "Margin of error",
      "value": "Plus or minus 8 points",
    },
    {
      "label": "Confidence",
      "value": "Good confidence",
    },
  ],
  "sections": [
    {
      "heading": "How we check",
      "paragraphs": [
        "We ask ChatGPT, Claude and Perplexity the questions on your Questions page, the same way a customer would.",
        "Each AI searches the web for its answer, and we tell it your city so it answers like it would for someone near you.",
        "We count an answer when it names your business. Where you appear in a list does not change your score.",
        "We use each AI's direct connection for software (its API), not the chat apps. Answers in the apps can be a little different.",
      ],
    },
    {
      "heading": "Why there is a margin of error",
      "paragraphs": [
        "AI gives slightly different answers each time it is asked, so every score is an estimate. The more different answers we have, the smaller the margin.",
        "We only show an arrow up or down, or say a competitor is ahead of you, when the change is bigger than the margin.",
        "Early estimate means fewer than 50 different answers. Good confidence means 50 to 200. High confidence means more than 200.",
      ],
    },
  ],
  "title": "How your score is calculated",
}
`;

exports[`methodPanel > shows the agreement per AI once a calibration result exists 1`] = `
{
  "agreement": [
    {
      "label": "ChatGPT",
      "value": "Matched in 85% of questions",
    },
    {
      "label": "Perplexity",
      "value": "Matched in 90% of questions",
    },
  ],
  "heading": "Tested against the real apps",
  "paragraphs": [
    "In November 2026, a person asked the real ChatGPT, Claude and Perplexity apps the same questions and compared the businesses they named with ours.",
  ],
}
`;
